div [ id "container" ]
    [ div [ class "nav" ]
        [ ul [ class "menu" ]
            [ li [ class "item" ]
                [ img [ class "preview" ] []
                ]
            , li [ class "item" ] []
            ]
        ]
    , div [ id "content", class "width-800", class "selected" ] []
    ]
