div [ id "container" ]
    [ div [ class "nav" ]
        [ ul [ class "menu" ]
            [ li [ class "item" ] []
            , li [ class "item" ] []
            ]
        ]
    , div [ id "content", class "width-800", class "selected" ]
        [ text "text with space after "
        , text " text with space before"
        ]
    ]
